]0;lubianat@csbl-tiago:~/Documents/Projects/main/zelda]7;file://csbl-tiago/home/lubianat/Documents/Projects/main/zelda]0;lubianat@csbl-tiago: ~/Documents/Projects/main/zelda[01;32mlubianat@csbl-tiago[00m:[01;34m~/Documents/Projects/main/zelda[00m$ [K]0;lubianat@csbl-tiago: ~/Documents/Projects/main/zelda[01;32mlubianat@csbl-tiago[00m:[01;34m~/Documents/Projects/main/zelda[00m$ mv ../Do[K[Kbridgednets/int/da ta/receptor_ligand_bridges.csv ./data/
mv: cannot move '../bridgednets/int/data/receptor_ligand_bridges.csv' to './data/': Not a directory
]0;lubianat@csbl-tiago:~/Documents/Projects/main/zelda]7;file://csbl-tiago/home/lubianat/Documents/Projects/main/zelda]0;lubianat@csbl-tiago: ~/Documents/Projects/main/zelda[01;32mlubianat@csbl-tiago[00m:[01;34m~/Documents/Projects/main/zelda[00m$ mkf[Kdir data
]0;lubianat@csbl-tiago:~/Documents/Projects/main/zelda]7;file://csbl-tiago/home/lubianat/Documents/Projects/main/zelda]0;lubianat@csbl-tiago: ~/Documents/Projects/main/zelda[01;32mlubianat@csbl-tiago[00m:[01;34m~/Documents/Projects/main/zelda[00m$ mkdir datav ../bridgednets/int/datta/receptor_ligand_bridges.csv ./data/
]0;lubianat@csbl-tiago:~/Documents/Projects/main/zelda]7;file://csbl-tiago/home/lubianat/Documents/Projects/main/zelda]0;lubianat@csbl-tiago: ~/Documents/Projects/main/zelda[01;32mlubianat@csbl-tiago[00m:[01;34m~/Documents/Projects/main/zelda[00m$ mv ../bridgednets/int/datta/receptor_ligand_bridges.csv ./data/[A]0;lubianat@csbl-tiago: ~/Documents/Projects/main/zelda[01;32mlubianat@csbl-tiago[00m:[01;34m~/Documents/Projects/main/zelda[00m$ [K
[K[A[C[C[C[C[C[C[C[C[C[C[C[C[C[C[C[C[C[C[C[C[C[C[C[C[C[C[C[C[C[C[C[C[C[C[C[C[C[C[C[C[C[C[C[C[C[C[C[C[C[C[C[C[Cmv ../bridgednets/int/datta/receptor_ligand_bridges.csv ./data/[A]0;lubianat@csbl-tiago: ~/Documents/Projects/main/zelda[01;32mlubianat@csbl-tiago[00m:[01;34m~/Documents/Projects/main/zelda[00m$ [K
[K[A[C[C[C[C[C[C[C[C[C[C[C[C[C[C[C[C[C[C[C[C[C[C[C[C[C[C[C[C[C[C[C[C[C[C[C[C[C[C[C[C[C[C[C[C[C[C[C[C[C[C[C[C[Ccp ./data/br[K[Kreceptor_ligandd_bridges.csv  ../d[Kbridgednets/int/ds[Kata/
]0;lubianat@csbl-tiago:~/Documents/Projects/main/zelda]7;file://csbl-tiago/home/lubianat/Documents/Projects/main/zelda]0;lubianat@csbl-tiago: ~/Documents/Projects/main/zelda[01;32mlubianat@csbl-tiago[00m:[01;34m~/Documents/Projects/main/zelda[00m$ [K]0;lubianat@csbl-tiago: ~/Documents/Projects/main/zelda[01;32mlubianat@csbl-tiago[00m:[01;34m~/Documents/Projects/main/zelda[00m$ [K]0;lubianat@csbl-tiago: ~/Documents/Projects/main/zelda[01;32mlubianat@csbl-tiago[00m:[01;34m~/Documents/Projects/main/zelda[00m$ GIT [K[K[K[Kgit init
Initialized empty Git repository in /home/lubianat/Documents/Projects/main/zelda/.git/
]0;lubianat@csbl-tiago:~/Documents/Projects/main/zelda]7;file://csbl-tiago/home/lubianat/Documents/Projects/main/zelda]0;lubianat@csbl-tiago: ~/Documents/Projects/main/zelda[01;32mlubianat@csbl-tiago[00m:[01;34m~/Documents/Projects/main/zelda[00m$ git add .
]0;lubianat@csbl-tiago:~/Documents/Projects/main/zelda]7;file://csbl-tiago/home/lubianat/Documents/Projects/main/zelda]0;lubianat@csbl-tiago: ~/Documents/Projects/main/zelda[01;32mlubianat@csbl-tiago[00m:[01;34m~/Documents/Projects/main/zelda[00m$ git mo[K[Kcommit - m [K[K[KM [Km[K[Km 'Fis[Krst Commit'[K[K[K[K[K[K[Kcommit'
[master (root-commit) 70d6588] First commit
 55 files changed, 3588 insertions(+)
 create mode 100644 .Rbuildignore
 create mode 100644 .Rproj.user/5568B3D5/console06/2128639B
 create mode 100644 .Rproj.user/5568B3D5/console06/2128639B.env
 create mode 100644 .Rproj.user/5568B3D5/console06/INDEX001
 create mode 100644 .Rproj.user/5568B3D5/sources/prop/1C43D209
 create mode 100644 .Rproj.user/5568B3D5/sources/prop/245BB5A8
 create mode 100644 .Rproj.user/5568B3D5/sources/prop/3E601537
 create mode 100644 .Rproj.user/5568B3D5/sources/prop/706B6C43
 create mode 100644 .Rproj.user/5568B3D5/sources/prop/722D8365
 create mode 100644 .Rproj.user/5568B3D5/sources/prop/738D7D83
 create mode 100644 .Rproj.user/5568B3D5/sources/prop/C7E37963
 create mode 100644 .Rproj.user/5568B3D5/sources/prop/D332F272
 create mode 100644 .Rproj.user/5568B3D5/sources/prop/E5178733
 create mode 100644 .Rproj.user/5568B3D5/sources/prop/F1E51861
 create mode 100644 .Rproj.user/5568B3D5/sources/prop/F7AC3CDE
 create mode 100644 .Rproj.user/5568B3D5/sources/prop/INDEX
 create mode 100644 .Rproj.user/5568B3D5/sources/s-1C5815/2759C9B4
 create mode 100644 .Rproj.user/5568B3D5/sources/s-1C5815/2759C9B4-contents
 create mode 100644 .Rproj.user/5568B3D5/sources/s-1C5815/3561B733
 create mode 100644 .Rproj.user/5568B3D5/sources/s-1C5815/3561B733-contents
 create mode 100644 .Rproj.user/5568B3D5/sources/s-1C5815/65D0F6B2
 create mode 100644 .Rproj.user/5568B3D5/sources/s-1C5815/65D0F6B2-contents
 create mode 100644 .Rproj.user/5568B3D5/sources/s-1C5815/74BA2C8D
 create mode 100644 .Rproj.user/5568B3D5/sources/s-1C5815/74BA2C8D-contents
 create mode 100644 .Rproj.user/5568B3D5/sources/s-1C5815/856B5849
 create mode 100644 .Rproj.user/5568B3D5/sources/s-1C5815/856B5849-contents
 create mode 100644 .Rproj.user/5568B3D5/sources/s-1C5815/8B27301B
 create mode 100644 .Rproj.user/5568B3D5/sources/s-1C5815/8B27301B-contents
 create mode 100644 .Rproj.user/5568B3D5/sources/s-1C5815/9489E1F
 create mode 100644 .Rproj.user/5568B3D5/sources/s-1C5815/9489E1F-contents
 create mode 100644 .Rproj.user/5568B3D5/sources/s-1C5815/A0E4072C
 create mode 100644 .Rproj.user/5568B3D5/sources/s-1C5815/A0E4072C-contents
 create mode 100644 .Rproj.user/5568B3D5/sources/s-1C5815/BD95C39F-contents
 create mode 100644 .Rproj.user/5568B3D5/sources/s-1C5815/D16C728-contents
 create mode 100644 .Rproj.user/5568B3D5/sources/s-1C5815/D4FB8E4F
 create mode 100644 .Rproj.user/5568B3D5/sources/s-1C5815/D4FB8E4F-contents
 create mode 100644 .Rproj.user/5568B3D5/sources/s-1C5815/lock_file
 create mode 100644 .Rproj.user/shared/notebooks/patch-chunk-names
 create mode 100644 .Rproj.user/shared/notebooks/paths
 create mode 100644 DESCRIPTION
 create mode 100644 NAMESPACE
 create mode 100644 R/bipartplot.R
 create mode 100644 R/datasets.R
 create mode 100644 R/hello.R
 create mode 100644 R/zelda.R
 create mode 100644 data/bridges_from_ncomms15107.xlsx
 create mode 100644 data/links
 create mode 100644 data/ramilowski_links.RData
 create mode 100644 data/receptor_ligand_bridges.csv
 create mode 100644 man/bipartplot.Rd
 create mode 100644 man/hello.Rd
 create mode 100644 man/ramilowski_links.Rd
 create mode 100644 man/zelda.Rd
 create mode 100644 receptor_ligand_dataset_preparation.R
 create mode 100644 zelda.Rproj
]0;lubianat@csbl-tiago:~/Documents/Projects/main/zelda]7;file://csbl-tiago/home/lubianat/Documents/Projects/main/zelda]0;lubianat@csbl-tiago: ~/Documents/Projects/main/zelda[01;32mlubianat@csbl-tiago[00m:[01;34m~/Documents/Projects/main/zelda[00m$ A package to find links between two lists of genes. One of them hhas receptors, the other has ligands. This package makes the match.[A[36Pgit commit -m 'First commit'
[K[A[C[C[C[C[C[C[C[C[C[C[C[C[C[C[C[C[C[C[C[C[C[C[C[C[C[C[C[C[C[C[C[C[C[C[C[C[C[C[C[C[C[C[C[C[C[C[C[C[C[C[C[C[C[C[C[C[C[C[C[C[C[C[C[C[C[C[C[C[C[C[C[C[C[C[C[C[C[C[C[C[C[K[K[K[K[K[K[K[K[K[K[K[K[K[K[K[K[K[K[K[K[K[K[K[K[K[K[K[Kgit remote add origin https://github.com/lubianat/zelda.git
]0;lubianat@csbl-tiago:~/Documents/Projects/main/zelda]7;file://csbl-tiago/home/lubianat/Documents/Projects/main/zelda]0;lubianat@csbl-tiago: ~/Documents/Projects/main/zelda[01;32mlubianat@csbl-tiago[00m:[01;34m~/Documents/Projects/main/zelda[00m$ git remote add origin https://github.com/lubianat/zelda.git
fatal: remote origin already exists.
]0;lubianat@csbl-tiago:~/Documents/Projects/main/zelda]7;file://csbl-tiago/home/lubianat/Documents/Projects/main/zelda]0;lubianat@csbl-tiago: ~/Documents/Projects/main/zelda[01;32mlubianat@csbl-tiago[00m:[01;34m~/Documents/Projects/main/zelda[00m$ git push -u origin master
fatal: cannot run rpostback-askpass: No such file or directory
Username for 'https://github.com': lubianat
fatal: cannot run rpostback-askpass: No such file or directory
Password for 'https://lubianat@github.com': 
remote: Invalid username or password.
fatal: Authentication failed for 'https://github.com/lubianat/zelda.git/'
]0;lubianat@csbl-tiago:~/Documents/Projects/main/zelda]7;file://csbl-tiago/home/lubianat/Documents/Projects/main/zelda]0;lubianat@csbl-tiago: ~/Documents/Projects/main/zelda[01;32mlubianat@csbl-tiago[00m:[01;34m~/Documents/Projects/main/zelda[00m$ git push -u origin master
fatal: cannot run rpostback-askpass: No such file or directory
Username for 'https://github.com': lbuai    ubianat
fatal: cannot run rpostback-askpass: No such file or directory
Password for 'https://lubianat@github.com': 
remote: Invalid username or password.
fatal: Authentication failed for 'https://github.com/lubianat/zelda.git/'
]0;lubianat@csbl-tiago:~/Documents/Projects/main/zelda]7;file://csbl-tiago/home/lubianat/Documents/Projects/main/zelda]0;lubianat@csbl-tiago: ~/Documents/Projects/main/zelda[01;32mlubianat@csbl-tiago[00m:[01;34m~/Documents/Projects/main/zelda[00m$ git push -u origin master
fatal: cannot run rpostback-askpass: No such file or directory
Username for 'https://github.com': lubianat
fatal: cannot run rpostback-askpass: No such file or directory
Password for 'https://lubianat@github.com': 
Counting objects: 58, done.
Delta compression using up to 8 threads.
Compressing objects:   1% (1/54)   Compressing objects:   3% (2/54)   Compressing objects:   5% (3/54)   Compressing objects:   7% (4/54)   Compressing objects:   9% (5/54)   Compressing objects:  11% (6/54)   Compressing objects:  12% (7/54)   Compressing objects:  14% (8/54)   Compressing objects:  16% (9/54)   Compressing objects:  18% (10/54)   Compressing objects:  20% (11/54)   Compressing objects:  22% (12/54)   Compressing objects:  24% (13/54)   Compressing objects:  25% (14/54)   Compressing objects:  27% (15/54)   Compressing objects:  29% (16/54)   Compressing objects:  31% (17/54)   Compressing objects:  33% (18/54)   Compressing objects:  35% (19/54)   Compressing objects:  37% (20/54)   Compressing objects:  38% (21/54)   Compressing objects:  40% (22/54)   Compressing objects:  42% (23/54)   Compressing objects:  44% (24/54)   Compressing objects:  46% (25/54)   Compressing objects:  48% (26/54)   Compressing objects:  50% (27/54)   Compressing objects:  51% (28/54)   Compressing objects:  53% (29/54)   Compressing objects:  55% (30/54)   Compressing objects:  57% (31/54)   Compressing objects:  59% (32/54)   Compressing objects:  61% (33/54)   Compressing objects:  62% (34/54)   Compressing objects:  64% (35/54)   Compressing objects:  66% (36/54)   Compressing objects:  68% (37/54)   Compressing objects:  70% (38/54)   Compressing objects:  72% (39/54)   Compressing objects:  74% (40/54)   Compressing objects:  75% (41/54)   Compressing objects:  77% (42/54)   Compressing objects:  79% (43/54)   Compressing objects:  81% (44/54)   Compressing objects:  83% (45/54)   Compressing objects:  85% (46/54)   Compressing objects:  87% (47/54)   Compressing objects:  88% (48/54)   Compressing objects:  90% (49/54)   Compressing objects:  92% (50/54)   Compressing objects:  94% (51/54)   Compressing objects:  96% (52/54)   Compressing objects:  98% (53/54)   Compressing objects: 100% (54/54)   Compressing objects: 100% (54/54), done.
Writing objects:   1% (1/58)   Writing objects:   3% (2/58)   Writing objects:   5% (3/58)   Writing objects:   6% (4/58)   Writing objects:   8% (5/58)   Writing objects:  10% (6/58)   Writing objects:  12% (7/58)   Writing objects:  13% (8/58)   Writing objects:  15% (9/58)   Writing objects:  17% (10/58)   Writing objects:  18% (11/58)   Writing objects:  20% (12/58)   Writing objects:  22% (13/58)   Writing objects:  24% (14/58)   Writing objects:  25% (15/58)   Writing objects:  27% (16/58)   Writing objects:  29% (17/58)   Writing objects:  31% (18/58)   Writing objects:  32% (19/58)   Writing objects:  34% (20/58)   Writing objects:  36% (21/58)   Writing objects:  37% (22/58)   Writing objects:  39% (23/58)   Writing objects:  41% (24/58)   Writing objects:  43% (25/58)   Writing objects:  44% (26/58)   Writing objects:  50% (29/58)   Writing objects:  51% (30/58)   Writing objects:  53% (31/58)   Writing objects:  58% (34/58)   Writing objects:  60% (35/58)   Writing objects:  62% (36/58)   Writing objects:  63% (37/58)   Writing objects:  65% (38/58)   Writing objects:  67% (39/58)   Writing objects:  68% (40/58)   Writing objects:  70% (41/58)   Writing objects:  72% (42/58)   Writing objects:  74% (43/58)   Writing objects:  75% (44/58)   Writing objects:  77% (45/58)   Writing objects:  79% (46/58)   Writing objects:  81% (47/58)   Writing objects:  82% (48/58)   Writing objects:  84% (49/58)   Writing objects:  86% (50/58)   Writing objects:  87% (51/58)   Writing objects:  89% (52/58)   Writing objects:  91% (53/58)   Writing objects:  93% (54/58)   Writing objects:  94% (55/58)   Writing objects:  96% (56/58)   Writing objects:  98% (57/58)   Writing objects: 100% (58/58)   Writing objects: 100% (58/58), 624.03 KiB | 17.33 MiB/s, done.
Total 58 (delta 6), reused 0 (delta 0)
remote: Resolving deltas:   0% (0/6)   [Kremote: Resolving deltas:  50% (3/6)   [Kremote: Resolving deltas: 100% (6/6)   [Kremote: Resolving deltas: 100% (6/6), done.[K
To https://github.com/lubianat/zelda.git
 * [new branch]      master -> master
Branch 'master' set up to track remote branch 'master' from 'origin'.
]0;lubianat@csbl-tiago:~/Documents/Projects/main/zelda]7;file://csbl-tiago/home/lubianat/Documents/Projects/main/zelda]0;lubianat@csbl-tiago: ~/Documents/Projects/main/zelda[01;32mlubianat@csbl-tiago[00m:[01;34m~/Documents/Projects/main/zelda[00m$ [K]0;lubianat@csbl-tiago: ~/Documents/Projects/main/zelda[01;32mlubianat@csbl-tiago[00m:[01;34m~/Documents/Projects/main/zelda[00m$ git add .
]0;lubianat@csbl-tiago:~/Documents/Projects/main/zelda]7;file://csbl-tiago/home/lubianat/Documents/Projects/main/zelda]0;lubianat@csbl-tiago: ~/Documents/Projects/main/zelda[01;32mlubianat@csbl-tiago[00m:[01;34m~/Documents/Projects/main/zelda[00m$ git commit -m 'Adding very basic testing'
[master 69a66ff] Adding very basic testing
 38 files changed, 367 insertions(+), 2603 deletions(-)
 create mode 100644 .Rproj.user/5568B3D5/sources/prop/3C0507F8
 create mode 100644 .Rproj.user/5568B3D5/sources/prop/3C655888
 create mode 100644 .Rproj.user/5568B3D5/sources/prop/6B9B0C44
 create mode 100644 .Rproj.user/5568B3D5/sources/s-1C5815/64C34A1E
 create mode 100644 .Rproj.user/5568B3D5/sources/s-1C5815/64C34A1E-contents
 create mode 100644 .Rproj.user/5568B3D5/sources/s-1C5815/B4D7C9CD
 create mode 100644 .Rproj.user/5568B3D5/sources/s-1C5815/B4D7C9CD-contents
 create mode 100644 .Rproj.user/5568B3D5/sources/s-1C5815/C970003F
 create mode 100644 .Rproj.user/5568B3D5/sources/s-1C5815/C970003F-contents
 delete mode 100644 data/bridges_from_ncomms15107.xlsx
 create mode 100644 data/degs.RData
 delete mode 100644 data/links
 delete mode 100644 data/receptor_ligand_bridges.csv
 create mode 100644 example_dataset_preparation.R
 create mode 100644 man/degs.Rd
 create mode 100644 tests/testthat.R
 create mode 100644 tests/testthat/testbase.R
]0;lubianat@csbl-tiago:~/Documents/Projects/main/zelda]7;file://csbl-tiago/home/lubianat/Documents/Projects/main/zelda]0;lubianat@csbl-tiago: ~/Documents/Projects/main/zelda[01;32mlubianat@csbl-tiago[00m:[01;34m~/Documents/Projects/main/zelda[00m$ git [K[K[K[Kgit push
fatal: cannot run rpostback-askpass: No such file or directory
Username for 'https://github.com': ^X  ^C
]0;lubianat@csbl-tiago:~/Documents/Projects/main/zelda]7;file://csbl-tiago/home/lubianat/Documents/Projects/main/zelda]0;lubianat@csbl-tiago: ~/Documents/Projects/main/zelda[01;32mlubianat@csbl-tiago[00m:[01;34m~/Documents/Projects/main/zelda[00m$ git [K[K[K[K[31P(reverse-i-search)`':[Cg': git push[1@i[C[C[C[1@t[C[C[C[1@ [C[C[Cr': git remote add origin https://github.com/lubianat/zelda.git[C[C[C[C[C[C[C[C[C[C[C[C[C[C[C[C[C[C[C[C[C[C[C[C[C[C[C[1@e[C[C[C[1@m[C[C[C[1@o[C[C[C[1@t[C[C[C[1@e[C[C[C[1@ [C[C[Cs': git remote set-url origin git@github.com:lubianat/degs.git[C[C[C[C[C[C[C[C[C[C[C[C[C[C[C[C[C[C[C[C[C[C[C[C[C[C[C[C[C[C[C[C[C[C[1@e[C[C[C[1@t[C[C[C]0;lubianat@csbl-tiago: ~/Documents/Projects/main/zelda[01;32mlubianat@csbl-tiago[00m:[01;34m~/Documents/Projects/main/zelda[00m$ git remote set-url origin git@github.com:lubianat/degs.git[C[C[C[C[C[C[C[C[C[C[C[C[C[C[C[C[C[C[C[C[C[C[C[C[C[C[C[C[C[C[C[C[C[C[C[C[C[C[C[C[C[C[C[C[C[C[C[C[C[C[C[C[C[C[C[C[C[33Ppush -u origin masterremote set-url origin git@github.com:lubianat/degs.git[1Pegs.git[1Pgs.git[1Ps.git[1P.gitz.gite.gitl.gitd.gita.git
]0;lubianat@csbl-tiago:~/Documents/Projects/main/zelda]7;file://csbl-tiago/home/lubianat/Documents/Projects/main/zelda]0;lubianat@csbl-tiago: ~/Documents/Projects/main/zelda[01;32mlubianat@csbl-tiago[00m:[01;34m~/Documents/Projects/main/zelda[00m$ git push
Counting objects: 44, done.
Delta compression using up to 8 threads.
Compressing objects:   2% (1/42)   Compressing objects:   4% (2/42)   Compressing objects:   7% (3/42)   Compressing objects:   9% (4/42)   Compressing objects:  11% (5/42)   Compressing objects:  14% (6/42)   Compressing objects:  16% (7/42)   Compressing objects:  19% (8/42)   Compressing objects:  21% (9/42)   Compressing objects:  23% (10/42)   Compressing objects:  26% (11/42)   Compressing objects:  28% (12/42)   Compressing objects:  30% (13/42)   Compressing objects:  33% (14/42)   Compressing objects:  35% (15/42)   Compressing objects:  38% (16/42)   Compressing objects:  40% (17/42)   Compressing objects:  42% (18/42)   Compressing objects:  45% (19/42)   Compressing objects:  47% (20/42)   Compressing objects:  50% (21/42)   Compressing objects:  52% (22/42)   Compressing objects:  54% (23/42)   Compressing objects:  57% (24/42)   Compressing objects:  59% (25/42)   Compressing objects:  61% (26/42)   Compressing objects:  64% (27/42)   Compressing objects:  66% (28/42)   Compressing objects:  69% (29/42)   Compressing objects:  71% (30/42)   Compressing objects:  73% (31/42)   Compressing objects:  76% (32/42)   Compressing objects:  78% (33/42)   Compressing objects:  80% (34/42)   Compressing objects:  83% (35/42)   Compressing objects:  85% (36/42)   Compressing objects:  88% (37/42)   Compressing objects:  90% (38/42)   Compressing objects:  92% (39/42)   Compressing objects:  95% (40/42)   Compressing objects:  97% (41/42)   Compressing objects: 100% (42/42)   Compressing objects: 100% (42/42), done.
Writing objects:   2% (1/44)   Writing objects:   4% (2/44)   Writing objects:   6% (3/44)   Writing objects:   9% (4/44)   Writing objects:  11% (5/44)   Writing objects:  13% (6/44)   Writing objects:  15% (7/44)   Writing objects:  18% (8/44)   Writing objects:  20% (9/44)   Writing objects:  22% (10/44)   Writing objects:  25% (11/44)   Writing objects:  27% (12/44)   Writing objects:  29% (13/44)   Writing objects:  31% (14/44)   Writing objects:  34% (15/44)   Writing objects:  36% (16/44)   Writing objects:  38% (17/44)   Writing objects:  40% (18/44)   Writing objects:  45% (20/44)   Writing objects:  47% (21/44)   Writing objects:  50% (22/44)   Writing objects:  52% (23/44)   Writing objects:  54% (24/44)   Writing objects:  56% (25/44)   Writing objects:  59% (26/44)   Writing objects:  61% (27/44)   Writing objects:  63% (28/44)   Writing objects:  65% (29/44)   Writing objects:  68% (30/44)   Writing objects:  70% (31/44)   Writing objects:  72% (32/44)   Writing objects:  75% (33/44)   Writing objects:  77% (34/44)   Writing objects:  79% (35/44)   Writing objects:  81% (36/44)   Writing objects:  84% (37/44)   Writing objects:  86% (38/44)   Writing objects:  88% (39/44)   Writing objects:  90% (40/44)   Writing objects:  93% (41/44)   Writing objects:  95% (42/44)   Writing objects:  97% (43/44)   Writing objects: 100% (44/44)   Writing objects: 100% (44/44), 16.32 KiB | 8.16 MiB/s, done.
Total 44 (delta 15), reused 0 (delta 0)
remote: Resolving deltas:   0% (0/15)   [Kremote: Resolving deltas:   6% (1/15)   [Kremote: Resolving deltas:  13% (2/15)   [Kremote: Resolving deltas:  33% (5/15)   [Kremote: Resolving deltas:  40% (6/15)   [Kremote: Resolving deltas:  46% (7/15)   [Kremote: Resolving deltas:  53% (8/15)   [Kremote: Resolving deltas:  60% (9/15)   [Kremote: Resolving deltas:  66% (10/15)   [Kremote: Resolving deltas:  73% (11/15)   [Kremote: Resolving deltas:  80% (12/15)   [Kremote: Resolving deltas:  86% (13/15)   [Kremote: Resolving deltas:  93% (14/15)   [Kremote: Resolving deltas: 100% (15/15)   [Kremote: Resolving deltas: 100% (15/15), completed with 13 local objects.[K
To github.com:lubianat/zelda.git
   70d6588..69a66ff  master -> master
[K]0;lubianat@csbl-tiago: ~/Documents/Projects/main/zelda[01;32mlubianat@csbl-tiago[00m:[01;34m~/Documents/Projects/main/zelda[00m$ GIT [K[K[K[Kgit add .
]0;lubianat@csbl-tiago:~/Documents/Projects/main/zelda]7;file://csbl-tiago/home/lubianat/Documents/Projects/main/zelda]0;lubianat@csbl-tiago: ~/Documents/Projects/main/zelda[01;32mlubianat@csbl-tiago[00m:[01;34m~/Documents/Projects/main/zelda[00m$ git commit -'[KV[KM '[K[K[Km 'Message for whe n no k[Klinks are found'
[master 06572d5] Message for when no links are found
 37 files changed, 55 insertions(+), 681 deletions(-)
 rewrite .Rproj.user/5568B3D5/console06/INDEX001 (72%)
 delete mode 100644 .Rproj.user/5568B3D5/sources/s-1C5815/2759C9B4
 delete mode 100644 .Rproj.user/5568B3D5/sources/s-1C5815/2759C9B4-contents
 delete mode 100644 .Rproj.user/5568B3D5/sources/s-1C5815/3561B733
 delete mode 100644 .Rproj.user/5568B3D5/sources/s-1C5815/3561B733-contents
 delete mode 100644 .Rproj.user/5568B3D5/sources/s-1C5815/64C34A1E
 delete mode 100644 .Rproj.user/5568B3D5/sources/s-1C5815/64C34A1E-contents
 delete mode 100644 .Rproj.user/5568B3D5/sources/s-1C5815/65D0F6B2
 delete mode 100644 .Rproj.user/5568B3D5/sources/s-1C5815/65D0F6B2-contents
 delete mode 100644 .Rproj.user/5568B3D5/sources/s-1C5815/74BA2C8D
 delete mode 100644 .Rproj.user/5568B3D5/sources/s-1C5815/74BA2C8D-contents
 delete mode 100644 .Rproj.user/5568B3D5/sources/s-1C5815/856B5849
 delete mode 100644 .Rproj.user/5568B3D5/sources/s-1C5815/856B5849-contents
 delete mode 100644 .Rproj.user/5568B3D5/sources/s-1C5815/8B27301B
 delete mode 100644 .Rproj.user/5568B3D5/sources/s-1C5815/8B27301B-contents
 delete mode 100644 .Rproj.user/5568B3D5/sources/s-1C5815/9489E1F
 delete mode 100644 .Rproj.user/5568B3D5/sources/s-1C5815/9489E1F-contents
 delete mode 100644 .Rproj.user/5568B3D5/sources/s-1C5815/A0E4072C
 delete mode 100644 .Rproj.user/5568B3D5/sources/s-1C5815/A0E4072C-contents
 delete mode 100644 .Rproj.user/5568B3D5/sources/s-1C5815/B4D7C9CD
 delete mode 100644 .Rproj.user/5568B3D5/sources/s-1C5815/B4D7C9CD-contents
 delete mode 100644 .Rproj.user/5568B3D5/sources/s-1C5815/BD95C39F-contents
 delete mode 100644 .Rproj.user/5568B3D5/sources/s-1C5815/C970003F
 delete mode 100644 .Rproj.user/5568B3D5/sources/s-1C5815/C970003F-contents
 delete mode 100644 .Rproj.user/5568B3D5/sources/s-1C5815/D16C728-contents
 delete mode 100644 .Rproj.user/5568B3D5/sources/s-1C5815/D4FB8E4F
 delete mode 100644 .Rproj.user/5568B3D5/sources/s-1C5815/D4FB8E4F-contents
 delete mode 100644 .Rproj.user/5568B3D5/sources/s-1C5815/lock_file
 create mode 100644 .gitignore
]0;lubianat@csbl-tiago:~/Documents/Projects/main/zelda]7;file://csbl-tiago/home/lubianat/Documents/Projects/main/zelda]0;lubianat@csbl-tiago: ~/Documents/Projects/main/zelda[01;32mlubianat@csbl-tiago[00m:[01;34m~/Documents/Projects/main/zelda[00m$ git push
Counting objects: 19, done.
Delta compression using up to 8 threads.
Compressing objects:   6% (1/16)   Compressing objects:  12% (2/16)   Compressing objects:  18% (3/16)   Compressing objects:  25% (4/16)   Compressing objects:  31% (5/16)   Compressing objects:  37% (6/16)   Compressing objects:  43% (7/16)   Compressing objects:  50% (8/16)   Compressing objects:  56% (9/16)   Compressing objects:  62% (10/16)   Compressing objects:  68% (11/16)   Compressing objects:  75% (12/16)   Compressing objects:  81% (13/16)   Compressing objects:  87% (14/16)   Compressing objects:  93% (15/16)   Compressing objects: 100% (16/16)   Compressing objects: 100% (16/16), done.
Writing objects:   5% (1/19)   Writing objects:  10% (2/19)   Writing objects:  15% (3/19)   Writing objects:  21% (4/19)   Writing objects:  26% (5/19)   Writing objects:  31% (6/19)   Writing objects:  36% (7/19)   Writing objects:  42% (8/19)   Writing objects:  47% (9/19)   Writing objects:  52% (10/19)   Writing objects:  57% (11/19)   Writing objects:  63% (12/19)   Writing objects:  68% (13/19)   Writing objects:  73% (14/19)   Writing objects:  78% (15/19)   Writing objects:  84% (16/19)   Writing objects:  89% (17/19)   Writing objects:  94% (18/19)   Writing objects: 100% (19/19)   Writing objects: 100% (19/19), 2.82 KiB | 576.00 KiB/s, done.
Total 19 (delta 8), reused 0 (delta 0)
remote: Resolving deltas:   0% (0/8)   [Kremote: Resolving deltas:  12% (1/8)   [Kremote: Resolving deltas:  25% (2/8)   [Kremote: Resolving deltas:  37% (3/8)   [Kremote: Resolving deltas:  50% (4/8)   [Kremote: Resolving deltas:  62% (5/8)   [Kremote: Resolving deltas:  75% (6/8)   [Kremote: Resolving deltas:  87% (7/8)   [Kremote: Resolving deltas: 100% (8/8)   [Kremote: Resolving deltas: 100% (8/8), completed with 8 local objects.[K
To github.com:lubianat/zelda.git
   69a66ff..06572d5  master -> master
gita dd[K[K[K[K add .
]0;lubianat@csbl-tiago:~/Documents/Projects/main/zelda]7;file://csbl-tiago/home/lubianat/Documents/Projects/main/zelda]0;lubianat@csbl-tiago: ~/Documents/Projects/main/zelda[01;32mlubianat@csbl-tiago[00m:[01;34m~/Documents/Projects/main/zelda[00m$ git commit -m 'debug'
[master 88b8c11] debug
 6 files changed, 53 insertions(+), 7 deletions(-)
 rewrite .Rproj.user/5568B3D5/console06/INDEX001 (86%)
]0;lubianat@csbl-tiago:~/Documents/Projects/main/zelda]7;file://csbl-tiago/home/lubianat/Documents/Projects/main/zelda]0;lubianat@csbl-tiago: ~/Documents/Projects/main/zelda[01;32mlubianat@csbl-tiago[00m:[01;34m~/Documents/Projects/main/zelda[00m$ git push
Counting objects: 14, done.
Delta compression using up to 8 threads.
Compressing objects:   7% (1/13)   Compressing objects:  15% (2/13)   Compressing objects:  23% (3/13)   Compressing objects:  30% (4/13)   Compressing objects:  38% (5/13)   Compressing objects:  46% (6/13)   Compressing objects:  53% (7/13)   Compressing objects:  61% (8/13)   Compressing objects:  69% (9/13)   Compressing objects:  76% (10/13)   Compressing objects:  84% (11/13)   Compressing objects:  92% (12/13)   Compressing objects: 100% (13/13)   Compressing objects: 100% (13/13), done.
Writing objects:   7% (1/14)   Writing objects:  14% (2/14)   Writing objects:  21% (3/14)   Writing objects:  28% (4/14)   Writing objects:  35% (5/14)   Writing objects:  42% (6/14)   Writing objects:  50% (7/14)   Writing objects:  57% (8/14)   Writing objects:  64% (9/14)   Writing objects:  71% (10/14)   Writing objects:  78% (11/14)   Writing objects:  85% (12/14)   Writing objects:  92% (13/14)   Writing objects: 100% (14/14)   Writing objects: 100% (14/14), 1.78 KiB | 455.00 KiB/s, done.
Total 14 (delta 7), reused 0 (delta 0)
remote: Resolving deltas:   0% (0/7)   [Kremote: Resolving deltas:  14% (1/7)   [Kremote: Resolving deltas:  28% (2/7)   [Kremote: Resolving deltas:  42% (3/7)   [Kremote: Resolving deltas:  57% (4/7)   [Kremote: Resolving deltas:  71% (5/7)   [Kremote: Resolving deltas:  85% (6/7)   [Kremote: Resolving deltas: 100% (7/7)   [Kremote: Resolving deltas: 100% (7/7), completed with 7 local objects.[K
To github.com:lubianat/zelda.git
   06572d5..88b8c11  master -> master
]0;lubianat@csbl-tiago:~/Documents/Projects/main/zelda]7;file://csbl-tiago/home/lubianat/Documents/Projects/main/zelda]0;lubianat@csbl-tiago: ~/Documents/Projects/main/zelda[01;32mlubianat@csbl-tiago[00m:[01;34m~/Documents/Projects/main/zelda[00m$ gt[Kit add .
]0;lubianat@csbl-tiago:~/Documents/Projects/main/zelda]7;file://csbl-tiago/home/lubianat/Documents/Projects/main/zelda]0;lubianat@csbl-tiago: ~/Documents/Projects/main/zelda[01;32mlubianat@csbl-tiago[00m:[01;34m~/Documents/Projects/main/zelda[00m$ f[Kgit commit -m 'Debugging'
[master 287e3cb] Debugging
 6 files changed, 23 insertions(+), 8 deletions(-)
]0;lubianat@csbl-tiago:~/Documents/Projects/main/zelda]7;file://csbl-tiago/home/lubianat/Documents/Projects/main/zelda]0;lubianat@csbl-tiago: ~/Documents/Projects/main/zelda[01;32mlubianat@csbl-tiago[00m:[01;34m~/Documents/Projects/main/zelda[00m$ git push
Counting objects: 14, done.
Delta compression using up to 8 threads.
Compressing objects:   7% (1/13)   Compressing objects:  15% (2/13)   Compressing objects:  23% (3/13)   Compressing objects:  30% (4/13)   Compressing objects:  38% (5/13)   Compressing objects:  46% (6/13)   Compressing objects:  53% (7/13)   Compressing objects:  61% (8/13)   Compressing objects:  69% (9/13)   Compressing objects:  76% (10/13)   Compressing objects:  84% (11/13)   Compressing objects:  92% (12/13)   Compressing objects: 100% (13/13)   Compressing objects: 100% (13/13), done.
Writing objects:   7% (1/14)   Writing objects:  14% (2/14)   Writing objects:  21% (3/14)   Writing objects:  28% (4/14)   Writing objects:  35% (5/14)   Writing objects:  42% (6/14)   Writing objects:  50% (7/14)   Writing objects:  57% (8/14)   Writing objects:  64% (9/14)   Writing objects:  71% (10/14)   Writing objects:  78% (11/14)   Writing objects:  85% (12/14)   Writing objects:  92% (13/14)   Writing objects: 100% (14/14)   Writing objects: 100% (14/14), 1.51 KiB | 1.51 MiB/s, done.
Total 14 (delta 7), reused 0 (delta 0)
remote: Resolving deltas:   0% (0/7)   [Kremote: Resolving deltas:  14% (1/7)   [Kremote: Resolving deltas:  28% (2/7)   [Kremote: Resolving deltas:  42% (3/7)   [Kremote: Resolving deltas:  57% (4/7)   [Kremote: Resolving deltas:  71% (5/7)   [Kremote: Resolving deltas:  85% (6/7)   [Kremote: Resolving deltas: 100% (7/7)   [Kremote: Resolving deltas: 100% (7/7), completed with 7 local objects.[K
To github.com:lubianat/zelda.git
   88b8c11..287e3cb  master -> master
]0;lubianat@csbl-tiago:~/Documents/Projects/main/zelda]7;file://csbl-tiago/home/lubianat/Documents/Projects/main/zelda]0;lubianat@csbl-tiago: ~/Documents/Projects/main/zelda[01;32mlubianat@csbl-tiago[00m:[01;34m~/Documents/Projects/main/zelda[00m$ GIT A[K[K[K[K[KGit [K[K[K[Kgit add .
]0;lubianat@csbl-tiago:~/Documents/Projects/main/zelda]7;file://csbl-tiago/home/lubianat/Documents/Projects/main/zelda]0;lubianat@csbl-tiago: ~/Documents/Projects/main/zelda[01;32mlubianat@csbl-tiago[00m:[01;34m~/Documents/Projects/main/zelda[00m$ git commit -more[K[K[K[K [Km 'More debugging  for 1 edge graphs'
[master e31fa7d] More debugging for 1 edge graphs
 5 files changed, 26 insertions(+), 9 deletions(-)
]0;lubianat@csbl-tiago:~/Documents/Projects/main/zelda]7;file://csbl-tiago/home/lubianat/Documents/Projects/main/zelda]0;lubianat@csbl-tiago: ~/Documents/Projects/main/zelda[01;32mlubianat@csbl-tiago[00m:[01;34m~/Documents/Projects/main/zelda[00m$ git push
Counting objects: 15, done.
Delta compression using up to 8 threads.
Compressing objects:   7% (1/13)   Compressing objects:  15% (2/13)   Compressing objects:  23% (3/13)   Compressing objects:  30% (4/13)   Compressing objects:  38% (5/13)   Compressing objects:  46% (6/13)   Compressing objects:  53% (7/13)   Compressing objects:  61% (8/13)   Compressing objects:  69% (9/13)   Compressing objects:  76% (10/13)   Compressing objects:  84% (11/13)   Compressing objects:  92% (12/13)   Compressing objects: 100% (13/13)   Compressing objects: 100% (13/13), done.
Writing objects:   6% (1/15)   Writing objects:  13% (2/15)   Writing objects:  20% (3/15)   Writing objects:  26% (4/15)   Writing objects:  33% (5/15)   Writing objects:  40% (6/15)   Writing objects:  46% (7/15)   Writing objects:  53% (8/15)   Writing objects:  60% (9/15)   Writing objects:  66% (10/15)   Writing objects:  73% (11/15)   Writing objects:  80% (12/15)   Writing objects:  86% (13/15)   Writing objects:  93% (14/15)   Writing objects: 100% (15/15)   Writing objects: 100% (15/15), 1.41 KiB | 1.42 MiB/s, done.
Total 15 (delta 6), reused 0 (delta 0)
remote: Resolving deltas:   0% (0/6)   [Kremote: Resolving deltas:  16% (1/6)   [Kremote: Resolving deltas:  33% (2/6)   [Kremote: Resolving deltas:  50% (3/6)   [Kremote: Resolving deltas:  66% (4/6)   [Kremote: Resolving deltas:  83% (5/6)   [Kremote: Resolving deltas: 100% (6/6)   [Kremote: Resolving deltas: 100% (6/6), completed with 6 local objects.[K
To github.com:lubianat/zelda.git
   287e3cb..e31fa7d  master -> master
]0;lubianat@csbl-tiago:~/Documents/Projects/main/zelda]7;file://csbl-tiago/home/lubianat/Documents/Projects/main/zelda]0;lubianat@csbl-tiago: ~/Documents/Projects/main/zelda[01;32mlubianat@csbl-tiago[00m:[01;34m~/Documents/Projects/main/zelda[00m$ devtools::install*[K('.')
bash: syntax error near unexpected token `'.''
GIT [K[K[K[Kgit add .
]0;lubianat@csbl-tiago:~/Documents/Projects/main/zelda]7;file://csbl-tiago/home/lubianat/Documents/Projects/main/zelda]0;lubianat@csbl-tiago: ~/Documents/Projects/main/zelda[01;32mlubianat@csbl-tiago[00m:[01;34m~/Documents/Projects/main/zelda[00m$ git commit -m 'Adding simulation for estimating p-value'
[master 3788e17] Adding simulation for estimating p-value
 11 files changed, 57 insertions(+), 25 deletions(-)
 rewrite .Rproj.user/5568B3D5/console06/INDEX001 (86%)
 delete mode 100644 R/hello.R
 create mode 100644 R/kxk_test.R
 create mode 100644 data/kxk_simulation.RData
]0;lubianat@csbl-tiago:~/Documents/Projects/main/zelda]7;file://csbl-tiago/home/lubianat/Documents/Projects/main/zelda]0;lubianat@csbl-tiago: ~/Documents/Projects/main/zelda[01;32mlubianat@csbl-tiago[00m:[01;34m~/Documents/Projects/main/zelda[00m$ git push
Counting objects: 21, done.
Delta compression using up to 8 threads.
Compressing objects:   5% (1/19)   Compressing objects:  10% (2/19)   Compressing objects:  15% (3/19)   Compressing objects:  21% (4/19)   Compressing objects:  26% (5/19)   Compressing objects:  31% (6/19)   Compressing objects:  36% (7/19)   Compressing objects:  42% (8/19)   Compressing objects:  47% (9/19)   Compressing objects:  52% (10/19)   Compressing objects:  57% (11/19)   Compressing objects:  63% (12/19)   Compressing objects:  68% (13/19)   Compressing objects:  73% (14/19)   Compressing objects:  78% (15/19)   Compressing objects:  84% (16/19)   Compressing objects:  89% (17/19)   Compressing objects:  94% (18/19)   Compressing objects: 100% (19/19)   Compressing objects: 100% (19/19), done.
Writing objects:   4% (1/21)   Writing objects:   9% (2/21)   Writing objects:  14% (3/21)   Writing objects:  19% (4/21)   Writing objects:  23% (5/21)   Writing objects:  28% (6/21)   Writing objects:  33% (7/21)   Writing objects:  38% (8/21)   Writing objects:  42% (9/21)   Writing objects:  47% (10/21)   Writing objects:  52% (11/21)   Writing objects:  57% (12/21)   Writing objects:  61% (13/21)   Writing objects:  66% (14/21)   Writing objects:  71% (15/21)   Writing objects:  76% (16/21)   Writing objects:  80% (17/21)   Writing objects:  85% (18/21)   Writing objects:  90% (19/21)   Writing objects:  95% (20/21)   Writing objects: 100% (21/21)   Writing objects: 100% (21/21), 79.04 KiB | 26.35 MiB/s, done.
Total 21 (delta 8), reused 0 (delta 0)
remote: Resolving deltas:   0% (0/8)   [Kremote: Resolving deltas:  12% (1/8)   [Kremote: Resolving deltas:  25% (2/8)   [Kremote: Resolving deltas:  37% (3/8)   [Kremote: Resolving deltas:  50% (4/8)   [Kremote: Resolving deltas:  62% (5/8)   [Kremote: Resolving deltas:  75% (6/8)   [Kremote: Resolving deltas:  87% (7/8)   [Kremote: Resolving deltas: 100% (8/8)   [Kremote: Resolving deltas: 100% (8/8), completed with 8 local objects.[K
To github.com:lubianat/zelda.git
   e31fa7d..3788e17  master -> master
git pushcommit -m 'Adding simulation for estimating p-value'add .[K
]0;lubianat@csbl-tiago:~/Documents/Projects/main/zelda]7;file://csbl-tiago/home/lubianat/Documents/Projects/main/zelda]0;lubianat@csbl-tiago: ~/Documents/Projects/main/zelda[01;32mlubianat@csbl-tiago[00m:[01;34m~/Documents/Projects/main/zelda[00m$ git add .[1Ppushcommit -m 'Adding simulation for estimating p-value'
[master 10dedc2] Adding simulation for estimating p-value
 15 files changed, 59 insertions(+), 24 deletions(-)
 rewrite .Rproj.user/5568B3D5/console06/INDEX001 (86%)
 create mode 100644 man/kxk_test.Rd
]0;lubianat@csbl-tiago:~/Documents/Projects/main/zelda]7;file://csbl-tiago/home/lubianat/Documents/Projects/main/zelda]0;lubianat@csbl-tiago: ~/Documents/Projects/main/zelda[01;32mlubianat@csbl-tiago[00m:[01;34m~/Documents/Projects/main/zelda[00m$ git commit -m 'Adding simulation for estimating p-value'add .[K[1Ppush
Counting objects: 26, done.
Delta compression using up to 8 threads.
Compressing objects:   4% (1/24)   Compressing objects:   8% (2/24)   Compressing objects:  12% (3/24)   Compressing objects:  16% (4/24)   Compressing objects:  20% (5/24)   Compressing objects:  25% (6/24)   Compressing objects:  29% (7/24)   Compressing objects:  33% (8/24)   Compressing objects:  37% (9/24)   Compressing objects:  41% (10/24)   Compressing objects:  45% (11/24)   Compressing objects:  50% (12/24)   Compressing objects:  54% (13/24)   Compressing objects:  58% (14/24)   Compressing objects:  62% (15/24)   Compressing objects:  66% (16/24)   Compressing objects:  70% (17/24)   Compressing objects:  75% (18/24)   Compressing objects:  79% (19/24)   Compressing objects:  83% (20/24)   Compressing objects:  87% (21/24)   Compressing objects:  91% (22/24)   Compressing objects:  95% (23/24)   Compressing objects: 100% (24/24)   Compressing objects: 100% (24/24), done.
Writing objects:   3% (1/26)   Writing objects:   7% (2/26)   Writing objects:  11% (3/26)   Writing objects:  15% (4/26)   Writing objects:  19% (5/26)   Writing objects:  23% (6/26)   Writing objects:  26% (7/26)   Writing objects:  30% (8/26)   Writing objects:  34% (9/26)   Writing objects:  38% (10/26)   Writing objects:  42% (11/26)   Writing objects:  46% (12/26)   Writing objects:  50% (13/26)   Writing objects:  53% (14/26)   Writing objects:  57% (15/26)   Writing objects:  61% (16/26)   Writing objects:  65% (17/26)   Writing objects:  69% (18/26)   Writing objects:  73% (19/26)   Writing objects:  76% (20/26)   Writing objects:  80% (21/26)   Writing objects:  84% (22/26)   Writing objects:  88% (23/26)   Writing objects:  92% (24/26)   Writing objects:  96% (25/26)   Writing objects: 100% (26/26)   Writing objects: 100% (26/26), 2.93 KiB | 2.93 MiB/s, done.
Total 26 (delta 14), reused 0 (delta 0)
remote: Resolving deltas:   0% (0/14)   [Kremote: Resolving deltas:   7% (1/14)   [Kremote: Resolving deltas:  14% (2/14)   [Kremote: Resolving deltas:  21% (3/14)   [Kremote: Resolving deltas:  28% (4/14)   [Kremote: Resolving deltas:  35% (5/14)   [Kremote: Resolving deltas:  42% (6/14)   [Kremote: Resolving deltas:  50% (7/14)   [Kremote: Resolving deltas:  57% (8/14)   [Kremote: Resolving deltas:  64% (9/14)   [Kremote: Resolving deltas:  71% (10/14)   [Kremote: Resolving deltas:  78% (11/14)   [Kremote: Resolving deltas:  85% (12/14)   [Kremote: Resolving deltas:  92% (13/14)   [Kremote: Resolving deltas: 100% (14/14)   [Kremote: Resolving deltas: 100% (14/14), completed with 14 local objects.[K
To github.com:lubianat/zelda.git
   3788e17..10dedc2  master -> master
commit -m 'Adding simulation for estimating p-value'add .[K